// Vitest Snapshot v1, https://vitest.dev/guide/snapshot.html

exports[`renders simple component 1`] = `
<div>
  <!---->
  <hello-world>
    #shadow-root
      <div>
        Hello World
      </div>
  </hello-world>
</div>
`;
